=== Sample 1 — 2026-10-09T11:46:33+03:00 ===
NAME                       CPU(cores)   MEMORY(bytes)   
gateway-695f674c8f-bbdll   9m           39Mi            
gateway-695f674c8f-phggc   9m           39Mi            
gateway-695f674c8f-pwfqw   9m           38Mi            
gateway-695f674c8f-rt664   10m          39Mi            
gateway-695f674c8f-xj24b   8m           39Mi            
NAME                      CPU(cores)   MEMORY(bytes)   
events-6cd74cf698-ct975   12m          53Mi            
NAME                        CPU(cores)   MEMORY(bytes)   
payments-84548846c9-nqnzj   10m          39Mi            
NAME                        CPU(cores)   MEMORY(bytes)   
postgres-68466c5ccd-2lxp5   2m           27Mi            
NAME                     CPU(cores)   MEMORY(bytes)   
redis-6fcfb5475d-lg72z   10m          7Mi             
=== Sample 2 — 2026-10-09T11:46:39+03:00 ===
NAME                       CPU(cores)   MEMORY(bytes)   
gateway-695f674c8f-bbdll   9m           39Mi            
gateway-695f674c8f-phggc   9m           39Mi            
gateway-695f674c8f-pwfqw   9m           38Mi            
gateway-695f674c8f-rt664   10m          39Mi            
gateway-695f674c8f-xj24b   8m           39Mi            
NAME                      CPU(cores)   MEMORY(bytes)   
events-6cd74cf698-ct975   12m          53Mi            
NAME                        CPU(cores)   MEMORY(bytes)   
payments-84548846c9-nqnzj   10m          39Mi            
NAME                        CPU(cores)   MEMORY(bytes)   
postgres-68466c5ccd-2lxp5   2m           27Mi            
NAME                     CPU(cores)   MEMORY(bytes)   
redis-6fcfb5475d-lg72z   10m          7Mi             
=== Sample 3 — 2026-10-09T11:46:44+03:00 ===
NAME                       CPU(cores)   MEMORY(bytes)   
gateway-695f674c8f-bbdll   10m          38Mi            
gateway-695f674c8f-phggc   10m          39Mi            
gateway-695f674c8f-pwfqw   10m          38Mi            
gateway-695f674c8f-rt664   25m          41Mi            
gateway-695f674c8f-xj24b   10m          38Mi            
NAME                      CPU(cores)   MEMORY(bytes)   
events-6cd74cf698-ct975   40m          52Mi            
NAME                        CPU(cores)   MEMORY(bytes)   
payments-84548846c9-nqnzj   9m           38Mi            
NAME                        CPU(cores)   MEMORY(bytes)   
postgres-68466c5ccd-2lxp5   6m           29Mi            
NAME                     CPU(cores)   MEMORY(bytes)   
redis-6fcfb5475d-lg72z   13m          6Mi             
=== Sample 4 — 2026-10-09T11:46:50+03:00 ===
NAME                       CPU(cores)   MEMORY(bytes)   
gateway-695f674c8f-bbdll   10m          38Mi            
gateway-695f674c8f-phggc   10m          39Mi            
gateway-695f674c8f-pwfqw   10m          38Mi            
gateway-695f674c8f-rt664   25m          41Mi            
gateway-695f674c8f-xj24b   10m          38Mi            
NAME                      CPU(cores)   MEMORY(bytes)   
events-6cd74cf698-ct975   40m          52Mi            
NAME                        CPU(cores)   MEMORY(bytes)   
payments-84548846c9-nqnzj   9m           38Mi            
NAME                        CPU(cores)   MEMORY(bytes)   
postgres-68466c5ccd-2lxp5   6m           29Mi            
NAME                     CPU(cores)   MEMORY(bytes)   
redis-6fcfb5475d-lg72z   13m          6Mi             
=== Sample 5 — 2026-10-09T11:46:55+03:00 ===
NAME                       CPU(cores)   MEMORY(bytes)   
gateway-695f674c8f-bbdll   10m          38Mi            
gateway-695f674c8f-phggc   10m          39Mi            
gateway-695f674c8f-pwfqw   10m          38Mi            
gateway-695f674c8f-rt664   25m          41Mi            
gateway-695f674c8f-xj24b   10m          38Mi            
NAME                      CPU(cores)   MEMORY(bytes)   
events-6cd74cf698-ct975   40m          52Mi            
NAME                        CPU(cores)   MEMORY(bytes)   
payments-84548846c9-nqnzj   13m          38Mi            
NAME                        CPU(cores)   MEMORY(bytes)   
postgres-68466c5ccd-2lxp5   61m          29Mi            
NAME                     CPU(cores)   MEMORY(bytes)   
redis-6fcfb5475d-lg72z   14m          7Mi             
=== Sample 6 — 2026-10-09T11:47:01+03:00 ===
NAME                       CPU(cores)   MEMORY(bytes)   
gateway-695f674c8f-bbdll   17m          38Mi            
gateway-695f674c8f-phggc   17m          40Mi            
gateway-695f674c8f-pwfqw   34m          38Mi            
gateway-695f674c8f-rt664   49m          40Mi            
gateway-695f674c8f-xj24b   46m          39Mi            
NAME                      CPU(cores)   MEMORY(bytes)   
events-6cd74cf698-ct975   40m          52Mi            
NAME                        CPU(cores)   MEMORY(bytes)   
payments-84548846c9-nqnzj   13m          38Mi            
NAME                        CPU(cores)   MEMORY(bytes)   
postgres-68466c5ccd-2lxp5   61m          29Mi            
NAME                     CPU(cores)   MEMORY(bytes)   
redis-6fcfb5475d-lg72z   14m          7Mi             
=== Sample 7 — 2026-10-09T11:47:06+03:00 ===
NAME                       CPU(cores)   MEMORY(bytes)   
gateway-695f674c8f-bbdll   17m          38Mi            
gateway-695f674c8f-phggc   17m          40Mi            
gateway-695f674c8f-pwfqw   34m          38Mi            
gateway-695f674c8f-rt664   49m          40Mi            
gateway-695f674c8f-xj24b   46m          39Mi            
NAME                      CPU(cores)   MEMORY(bytes)   
events-6cd74cf698-ct975   40m          52Mi            
NAME                        CPU(cores)   MEMORY(bytes)   
payments-84548846c9-nqnzj   13m          38Mi            
NAME                        CPU(cores)   MEMORY(bytes)   
postgres-68466c5ccd-2lxp5   61m          29Mi            
NAME                     CPU(cores)   MEMORY(bytes)   
redis-6fcfb5475d-lg72z   14m          7Mi             
=== Sample 8 — 2026-10-09T11:47:12+03:00 ===
NAME                       CPU(cores)   MEMORY(bytes)   
gateway-695f674c8f-bbdll   21m          39Mi            
gateway-695f674c8f-phggc   18m          39Mi            
gateway-695f674c8f-pwfqw   34m          39Mi            
gateway-695f674c8f-rt664   55m          40Mi            
gateway-695f674c8f-xj24b   52m          40Mi            
NAME                      CPU(cores)   MEMORY(bytes)   
events-6cd74cf698-ct975   103m         52Mi            
NAME                        CPU(cores)   MEMORY(bytes)   
payments-84548846c9-nqnzj   18m          38Mi            
NAME                        CPU(cores)   MEMORY(bytes)   
postgres-68466c5ccd-2lxp5   32m          28Mi            
NAME                     CPU(cores)   MEMORY(bytes)   
redis-6fcfb5475d-lg72z   13m          6Mi             
