[2026-10-09 08:34:28,398] load-20-gqznt/INFO/locust.main: Starting Locust 2.43.4
[2026-10-09 08:34:28,398] load-20-gqznt/INFO/locust.main: Run time limit set to 60 seconds
[2026-10-09 08:34:28,400] load-20-gqznt/INFO/locust.runners: Ramping to 20 users at a rate of 4.00 per second
[2026-10-09 08:34:32,405] load-20-gqznt/INFO/locust.runners: All users spawned: {"QuickTicketUser": 20} (20 total users)
[2026-10-09 08:35:28,003] load-20-gqznt/INFO/locust.main: --run-time limit reached, shutting down
[2026-10-09 08:35:28,064] load-20-gqznt/INFO/locust.main: Shutting down (exit code 1)
Type     Name                                                                          # reqs      # fails |    Avg     Min     Max    Med |   req/s  failures/s
--------|----------------------------------------------------------------------------|-------|-------------|-------|-------|-------|-------|--------|-----------
GET      /events                                                                          597     2(0.34%) |    116       7    1443     20 |   10.01        0.03
POST     /events/3/reserve                                                                129     0(0.00%) |    162      11    1657     27 |    2.16        0.00
POST     /events/5/reserve                                                                 45     0(0.00%) |    282      14    1777     35 |    0.75        0.00
GET      /health                                                                           70     0(0.00%) |     85      12     722     26 |    1.17        0.00
--------|----------------------------------------------------------------------------|-------|-------------|-------|-------|-------|-------|--------|-----------
         Aggregated                                                                       841     2(0.24%) |    130       7    1777     23 |   14.10        0.03

Response time percentiles (approximated)
Type     Name                                                                                  50%    66%    75%    80%    90%    95%    98%    99%  99.9% 99.99%   100% # reqs
--------|--------------------------------------------------------------------------------|--------|------|------|------|------|------|------|------|------|------|------|------
GET      /events                                                                                20     26     58     95    430    720   1100   1300   1400   1400   1400    597
POST     /events/3/reserve                                                                      27     49    110    200    610    920   1100   1400   1700   1700   1700    129
POST     /events/5/reserve                                                                      35     78    200    660   1100   1400   1800   1800   1800   1800   1800     45
GET      /health                                                                                27     60     81     97    200    490    660    720    720    720    720     70
--------|--------------------------------------------------------------------------------|--------|------|------|------|------|------|------|------|------|------|------|------
         Aggregated                                                                             23     32     71    110    450    740   1100   1400   1800   1800   1800    841

Error report
# occurrences      Error                                                                                               
------------------|---------------------------------------------------------------------------------------------------------------------------------------------
2                  GET /events: HTTPError('502 Server Error: Bad Gateway for url: /events')                            
------------------|---------------------------------------------------------------------------------------------------------------------------------------------

