[2026-10-09 08:46:30,077] load-15-56f2c/INFO/locust.main: Starting Locust 2.43.4
[2026-10-09 08:46:30,077] load-15-56f2c/INFO/locust.main: Run time limit set to 60 seconds
[2026-10-09 08:46:30,078] load-15-56f2c/INFO/locust.runners: Ramping to 15 users at a rate of 3.00 per second
[2026-10-09 08:46:34,082] load-15-56f2c/INFO/locust.runners: All users spawned: {"QuickTicketUser": 15} (15 total users)
[2026-10-09 08:47:29,683] load-15-56f2c/INFO/locust.main: --run-time limit reached, shutting down
[2026-10-09 08:47:29,774] load-15-56f2c/INFO/locust.main: Shutting down (exit code 0)
Type     Name                                                                          # reqs      # fails |    Avg     Min     Max    Med |   req/s  failures/s
--------|----------------------------------------------------------------------------|-------|-------------|-------|-------|-------|-------|--------|-----------
GET      /events                                                                          443     0(0.00%) |     66       8     958     20 |    7.45        0.00
POST     /events/3/reserve                                                                106     0(0.00%) |    125      12    1432     26 |    1.78        0.00
POST     /events/5/reserve                                                                 41     0(0.00%) |    122      12     933     25 |    0.69        0.00
GET      /health                                                                           59     0(0.00%) |     85      11     690     25 |    0.99        0.00
--------|----------------------------------------------------------------------------|-------|-------------|-------|-------|-------|-------|--------|-----------
         Aggregated                                                                       649     0(0.00%) |     81       8    1432     21 |   10.92        0.00

Response time percentiles (approximated)
Type     Name                                                                                  50%    66%    75%    80%    90%    95%    98%    99%  99.9% 99.99%   100% # reqs
--------|--------------------------------------------------------------------------------|--------|------|------|------|------|------|------|------|------|------|------|------
GET      /events                                                                                20     22     26     41    120    380    650    700    960    960    960    443
POST     /events/3/reserve                                                                      26     29     46     73    350    830   1100   1300   1400   1400   1400    106
POST     /events/5/reserve                                                                      25     32     75     77    340    760    930    930    930    930    930     41
GET      /health                                                                                25     28     68     91    250    540    670    690    690    690    690     59
--------|--------------------------------------------------------------------------------|--------|------|------|------|------|------|------|------|------|------|------|------
         Aggregated                                                                             21     25     31     55    200    540    730    930   1400   1400   1400    649

