[2026-10-09 08:39:41,530] load-12-xd2bj/INFO/locust.main: Starting Locust 2.43.4
[2026-10-09 08:39:41,531] load-12-xd2bj/INFO/locust.main: Run time limit set to 60 seconds
[2026-10-09 08:39:41,532] load-12-xd2bj/INFO/locust.runners: Ramping to 12 users at a rate of 2.00 per second
[2026-10-09 08:39:46,538] load-12-xd2bj/INFO/locust.runners: All users spawned: {"QuickTicketUser": 12} (12 total users)
[2026-10-09 08:40:41,129] load-12-xd2bj/INFO/locust.main: --run-time limit reached, shutting down
[2026-10-09 08:40:41,215] load-12-xd2bj/INFO/locust.main: Shutting down (exit code 0)
Type     Name                                                                          # reqs      # fails |    Avg     Min     Max    Med |   req/s  failures/s
--------|----------------------------------------------------------------------------|-------|-------------|-------|-------|-------|-------|--------|-----------
GET      /events                                                                          400     0(0.00%) |     18       8     130     15 |    6.72        0.00
POST     /events/3/reserve                                                                 73     0(0.00%) |     22      12     105     18 |    1.23        0.00
POST     /events/5/reserve                                                                 27     0(0.00%) |     26      11     145     18 |    0.45        0.00
GET      /health                                                                           50     0(0.00%) |     24      12      82     20 |    0.84        0.00
--------|----------------------------------------------------------------------------|-------|-------------|-------|-------|-------|-------|--------|-----------
         Aggregated                                                                       550     0(0.00%) |     19       8     145     16 |    9.24        0.00

Response time percentiles (approximated)
Type     Name                                                                                  50%    66%    75%    80%    90%    95%    98%    99%  99.9% 99.99%   100% # reqs
--------|--------------------------------------------------------------------------------|--------|------|------|------|------|------|------|------|------|------|------|------
GET      /events                                                                                15     17     19     19     24     47     75     87    130    130    130    400
POST     /events/3/reserve                                                                      18     21     22     24     31     42     89    110    110    110    110     73
POST     /events/5/reserve                                                                      18     20     23     23     33     97    150    150    150    150    150     27
GET      /health                                                                                20     22     24     24     54     63     82     82     82     82     82     50
--------|--------------------------------------------------------------------------------|--------|------|------|------|------|------|------|------|------|------|------|------
         Aggregated                                                                             16     18     20     21     26     49     81     97    150    150    150    550

