[2026-10-09 08:36:49,804] load-15-4j448/INFO/locust.main: Starting Locust 2.43.4
[2026-10-09 08:36:49,805] load-15-4j448/INFO/locust.main: Run time limit set to 60 seconds
[2026-10-09 08:36:49,806] load-15-4j448/INFO/locust.runners: Ramping to 15 users at a rate of 3.00 per second
[2026-10-09 08:36:53,814] load-15-4j448/INFO/locust.runners: All users spawned: {"QuickTicketUser": 15} (15 total users)
[2026-10-09 08:37:49,394] load-15-4j448/INFO/locust.main: --run-time limit reached, shutting down
[2026-10-09 08:37:49,454] load-15-4j448/INFO/locust.main: Shutting down (exit code 0)
Type     Name                                                                          # reqs      # fails |    Avg     Min     Max    Med |   req/s  failures/s
--------|----------------------------------------------------------------------------|-------|-------------|-------|-------|-------|-------|--------|-----------
GET      /events                                                                          456     0(0.00%) |     46       9     775     17 |    7.66        0.00
POST     /events/3/reserve                                                                107     0(0.00%) |     88      13     910     23 |    1.80        0.00
POST     /events/5/reserve                                                                 36     0(0.00%) |     54      14     715     20 |    0.61        0.00
GET      /health                                                                           65     0(0.00%) |     40      13     272     24 |    1.09        0.00
--------|----------------------------------------------------------------------------|-------|-------------|-------|-------|-------|-------|--------|-----------
         Aggregated                                                                       664     0(0.00%) |     53       9     910     19 |   11.16        0.00

Response time percentiles (approximated)
Type     Name                                                                                  50%    66%    75%    80%    90%    95%    98%    99%  99.9% 99.99%   100% # reqs
--------|--------------------------------------------------------------------------------|--------|------|------|------|------|------|------|------|------|------|------|------
GET      /events                                                                                17     20     22     25     78    210    550    660    780    780    780    456
POST     /events/3/reserve                                                                      23     27     38     68    300    550    830    840    910    910    910    107
POST     /events/5/reserve                                                                      22     25     27     27     79    310    720    720    720    720    720     36
GET      /health                                                                                24     28     41     57     87    130    210    270    270    270    270     65
--------|--------------------------------------------------------------------------------|--------|------|------|------|------|------|------|------|------|------|------|------
         Aggregated                                                                             19     22     26     30     93    230    560    700    910    910    910    664

