[2026-10-09 08:14:37,558] load-10-ck2nr/INFO/locust.main: Starting Locust 2.43.4
[2026-10-09 08:14:37,558] load-10-ck2nr/INFO/locust.main: Run time limit set to 60 seconds
[2026-10-09 08:14:37,559] load-10-ck2nr/INFO/locust.runners: Ramping to 10 users at a rate of 2.00 per second
[2026-10-09 08:14:41,632] load-10-ck2nr/INFO/locust.runners: All users spawned: {"QuickTicketUser": 10} (10 total users)
[2026-10-09 08:15:37,137] load-10-ck2nr/INFO/locust.main: --run-time limit reached, shutting down
[2026-10-09 08:15:37,211] load-10-ck2nr/INFO/locust.main: Shutting down (exit code 0)
Type     Name                                                                          # reqs      # fails |    Avg     Min     Max    Med |   req/s  failures/s
--------|----------------------------------------------------------------------------|-------|-------------|-------|-------|-------|-------|--------|-----------
GET      /events                                                                          308     0(0.00%) |     22       8     107     19 |    5.20        0.00
POST     /events/3/reserve                                                                 75     0(0.00%) |     28      12     144     24 |    1.27        0.00
POST     /events/5/reserve                                                                 21     0(0.00%) |     26      15      92     25 |    0.35        0.00
GET      /health                                                                           52     0(0.00%) |     27      13     110     24 |    0.88        0.00
--------|----------------------------------------------------------------------------|-------|-------------|-------|-------|-------|-------|--------|-----------
         Aggregated                                                                       456     0(0.00%) |     23       8     144     20 |    7.69        0.00

Response time percentiles (approximated)
Type     Name                                                                                  50%    66%    75%    80%    90%    95%    98%    99%  99.9% 99.99%   100% # reqs
--------|--------------------------------------------------------------------------------|--------|------|------|------|------|------|------|------|------|------|------|------
GET      /events                                                                                19     20     21     21     26     57     84     96    110    110    110    308
POST     /events/3/reserve                                                                      24     25     26     26     29     95    110    140    140    140    140     75
POST     /events/5/reserve                                                                      25     25     26     26     26     29     92     92     92     92     92     21
GET      /health                                                                                24     25     26     26     34     60     94    110    110    110    110     52
--------|--------------------------------------------------------------------------------|--------|------|------|------|------|------|------|------|------|------|------|------
         Aggregated                                                                             20     22     24     25     28     60     94    110    140    140    140    456

