[2026-10-10 09:13:51,676] load-75-1791623629-hfzzv/INFO/locust.main: Starting Locust 2.43.4
[2026-10-10 09:13:51,681] load-75-1791623629-hfzzv/INFO/locust.main: Run time limit set to 60 seconds
[2026-10-10 09:13:51,685] load-75-1791623629-hfzzv/INFO/locust.runners: Ramping to 75 users at a rate of 8.00 per second
[2026-10-10 09:14:00,702] load-75-1791623629-hfzzv/INFO/locust.runners: All users spawned: {"QuickTicketUser": 75} (75 total users)
[2026-10-10 09:14:51,483] load-75-1791623629-hfzzv/INFO/locust.main: --run-time limit reached, shutting down
HTTP_STATUS_COUNTS={"200": 3148, "409": 67, "500": 19, "502": 26, "503": 3}
LOAD_SUMMARY={"failures": 115, "p50_ms": 6, "p95_ms": 150, "p99_ms": 290, "requests": 3263, "rps": 54.567139537801886}
[2026-10-10 09:14:51,509] load-75-1791623629-hfzzv/INFO/locust.main: Shutting down (exit code 0)
Type     Name                                                                          # reqs      # fails |    Avg     Min     Max    Med |   req/s  failures/s
--------|----------------------------------------------------------------------------|-------|-------------|-------|-------|-------|-------|--------|-----------
GET      /events                                                                         2331    25(1.07%) |     22       3     532      6 |   38.98        0.42
POST     /events/{id}/reserve                                                             628   87(13.85%) |     35       4     628      7 |   10.50        1.45
GET      /health                                                                          304     3(0.99%) |     21       4     445      6 |    5.08        0.05
--------|----------------------------------------------------------------------------|-------|-------------|-------|-------|-------|-------|--------|-----------
         Aggregated                                                                      3263   115(3.52%) |     25       3     628      6 |   54.57        1.92

Response time percentiles (approximated)
Type     Name                                                                                  50%    66%    75%    80%    90%    95%    98%    99%  99.9% 99.99%   100% # reqs
--------|--------------------------------------------------------------------------------|--------|------|------|------|------|------|------|------|------|------|------|------
GET      /events                                                                                 6      6      8     11     70    150    200    250    490    530    530   2331
POST     /events/{id}/reserve                                                                    7     11     15     19    120    220    290    380    630    630    630    628
GET      /health                                                                                 6      7      8      9     49    120    180    240    450    450    450    304
--------|--------------------------------------------------------------------------------|--------|------|------|------|------|------|------|------|------|------|------|------
         Aggregated                                                                              6      7      9     13     79    150    230    290    500    630    630   3263

Error report
# occurrences      Error
------------------|---------------------------------------------------------------------------------------------------------------------------------------------
19                 POST /events/{id}/reserve: HTTPError('500 Server Error: Internal Server Error for url: /events/{id}/reserve')
25                 GET /events: HTTPError('502 Server Error: Bad Gateway for url: /events')
3                  GET /health: HTTPError('503 Server Error: Service Unavailable for url: /health')
67                 POST /events/{id}/reserve: HTTPError('409 Client Error: Conflict for url: /events/{id}/reserve')
1                  POST /events/{id}/reserve: HTTPError('502 Server Error: Bad Gateway for url: /events/{id}/reserve')
------------------|---------------------------------------------------------------------------------------------------------------------------------------------
