[2026-10-10 09:10:48,097] load-50-1791623446-pvjtn/INFO/locust.main: Starting Locust 2.43.4
[2026-10-10 09:10:48,097] load-50-1791623446-pvjtn/INFO/locust.main: Run time limit set to 60 seconds
[2026-10-10 09:10:48,098] load-50-1791623446-pvjtn/INFO/locust.runners: Ramping to 50 users at a rate of 5.00 per second
[2026-10-10 09:10:57,115] load-50-1791623446-pvjtn/INFO/locust.runners: All users spawned: {"QuickTicketUser": 50} (50 total users)
[2026-10-10 09:11:47,867] load-50-1791623446-pvjtn/INFO/locust.main: --run-time limit reached, shutting down
HTTP_STATUS_COUNTS={"200": 2203, "409": 33}
LOAD_SUMMARY={"failures": 33, "p50_ms": 6, "p95_ms": 22, "p99_ms": 83, "requests": 2236, "rps": 37.41349357878286}
[2026-10-10 09:11:47,897] load-50-1791623446-pvjtn/INFO/locust.main: Shutting down (exit code 0)
Type     Name                                                                          # reqs      # fails |    Avg     Min     Max    Med |   req/s  failures/s
--------|----------------------------------------------------------------------------|-------|-------------|-------|-------|-------|-------|--------|-----------
GET      /events                                                                         1548     0(0.00%) |      8       3     190      6 |   25.90        0.00
POST     /events/{id}/reserve                                                             439    33(7.52%) |     11       4     146      7 |    7.35        0.55
GET      /health                                                                          249     0(0.00%) |      8       4     190      7 |    4.17        0.00
--------|----------------------------------------------------------------------------|-------|-------------|-------|-------|-------|-------|--------|-----------
         Aggregated                                                                      2236    33(1.48%) |      8       3     190      6 |   37.41        0.55

Response time percentiles (approximated)
Type     Name                                                                                  50%    66%    75%    80%    90%    95%    98%    99%  99.9% 99.99%   100% # reqs
--------|--------------------------------------------------------------------------------|--------|------|------|------|------|------|------|------|------|------|------|------
GET      /events                                                                                 6      6      7      7     10     16     36     58    130    190    190   1548
POST     /events/{id}/reserve                                                                    7      8     10     11     20     28     85    100    150    150    150    439
GET      /health                                                                                 7      7      8      8     11     17     29     59    190    190    190    249
--------|--------------------------------------------------------------------------------|--------|------|------|------|------|------|------|------|------|------|------|------
         Aggregated                                                                              6      7      7      8     12     22     42     83    150    190    190   2236

Error report
# occurrences      Error
------------------|---------------------------------------------------------------------------------------------------------------------------------------------
33                 POST /events/{id}/reserve: HTTPError('409 Client Error: Conflict for url: /events/{id}/reserve')
------------------|---------------------------------------------------------------------------------------------------------------------------------------------
