[2026-10-10 09:09:27,043] load-10-1791623320-ld25z/INFO/locust.main: Starting Locust 2.43.4
[2026-10-10 09:09:27,043] load-10-1791623320-ld25z/INFO/locust.main: Run time limit set to 60 seconds
[2026-10-10 09:09:27,044] load-10-1791623320-ld25z/INFO/locust.runners: Ramping to 10 users at a rate of 2.00 per second
[2026-10-10 09:09:31,050] load-10-1791623320-ld25z/INFO/locust.runners: All users spawned: {"QuickTicketUser": 10} (10 total users)
[2026-10-10 09:10:26,902] load-10-1791623320-ld25z/INFO/locust.main: --run-time limit reached, shutting down
HTTP_STATUS_COUNTS={"200": 461}
LOAD_SUMMARY={"failures": 0, "p50_ms": 7, "p95_ms": 15, "p99_ms": 45, "requests": 461, "rps": 7.706944905978698}
[2026-10-10 09:10:26,928] load-10-1791623320-ld25z/INFO/locust.main: Shutting down (exit code 0)
Type     Name                                                                          # reqs      # fails |    Avg     Min     Max    Med |   req/s  failures/s
--------|----------------------------------------------------------------------------|-------|-------------|-------|-------|-------|-------|--------|-----------
GET      /events                                                                          327     0(0.00%) |      8       3     107      7 |    5.47        0.00
POST     /events/{id}/reserve                                                              91     0(0.00%) |     10       5     108      8 |    1.52        0.00
GET      /health                                                                           43     0(0.00%) |     11       5     103      8 |    0.72        0.00
--------|----------------------------------------------------------------------------|-------|-------------|-------|-------|-------|-------|--------|-----------
         Aggregated                                                                       461     0(0.00%) |      9       3     108      7 |    7.71        0.00

Response time percentiles (approximated)
Type     Name                                                                                  50%    66%    75%    80%    90%    95%    98%    99%  99.9% 99.99%   100% # reqs
--------|--------------------------------------------------------------------------------|--------|------|------|------|------|------|------|------|------|------|------|------
GET      /events                                                                                 7      8      9     10     12     14     21     38    110    110    110    327
POST     /events/{id}/reserve                                                                    8     10     11     11     15     20     29    110    110    110    110     91
GET      /health                                                                                 8     10     11     11     12     14    100    100    100    100    100     43
--------|--------------------------------------------------------------------------------|--------|------|------|------|------|------|------|------|------|------|------|------
         Aggregated                                                                              7      9     10     10     13     15     24     45    110    110    110    461
