[2026-10-10 09:16:21,333] load-55-1791623778-vn68q/INFO/locust.main: Starting Locust 2.43.4
[2026-10-10 09:16:21,334] load-55-1791623778-vn68q/INFO/locust.main: Run time limit set to 60 seconds
[2026-10-10 09:16:21,334] load-55-1791623778-vn68q/INFO/locust.runners: Ramping to 55 users at a rate of 6.00 per second
[2026-10-10 09:16:30,354] load-55-1791623778-vn68q/INFO/locust.runners: All users spawned: {"QuickTicketUser": 55} (55 total users)
[2026-10-10 09:17:21,179] load-55-1791623778-vn68q/INFO/locust.main: --run-time limit reached, shutting down
HTTP_STATUS_COUNTS={"200": 2397, "409": 59, "502": 2}
LOAD_SUMMARY={"failures": 61, "p50_ms": 6, "p95_ms": 20, "p99_ms": 85, "requests": 2458, "rps": 41.09501477764022}
[2026-10-10 09:17:21,203] load-55-1791623778-vn68q/INFO/locust.main: Shutting down (exit code 0)
Type     Name                                                                          # reqs      # fails |    Avg     Min     Max    Med |   req/s  failures/s
--------|----------------------------------------------------------------------------|-------|-------------|-------|-------|-------|-------|--------|-----------
GET      /events                                                                         1703     2(0.12%) |      8       3     199      6 |   28.47        0.03
POST     /events/{id}/reserve                                                             500   59(11.80%) |     13       4     206      7 |    8.36        0.99
GET      /health                                                                          255     0(0.00%) |      9       4      90      6 |    4.26        0.00
--------|----------------------------------------------------------------------------|-------|-------------|-------|-------|-------|-------|--------|-----------
         Aggregated                                                                      2458    61(2.48%) |      9       3     206      6 |   41.10        1.02

Response time percentiles (approximated)
Type     Name                                                                                  50%    66%    75%    80%    90%    95%    98%    99%  99.9% 99.99%   100% # reqs
--------|--------------------------------------------------------------------------------|--------|------|------|------|------|------|------|------|------|------|------|------
GET      /events                                                                                 6      6      7      8     11     17     48     68    180    200    200   1703
POST     /events/{id}/reserve                                                                    7      8      9     11     18     49     97    120    210    210    210    500
GET      /health                                                                                 6      7      8      9     12     20     67     80     90     90     90    255
--------|--------------------------------------------------------------------------------|--------|------|------|------|------|------|------|------|------|------|------|------
         Aggregated                                                                              6      7      8      8     13     20     67     85    200    210    210   2458

Error report
# occurrences      Error
------------------|---------------------------------------------------------------------------------------------------------------------------------------------
2                  GET /events: HTTPError('502 Server Error: Bad Gateway for url: /events')
59                 POST /events/{id}/reserve: HTTPError('409 Client Error: Conflict for url: /events/{id}/reserve')
------------------|---------------------------------------------------------------------------------------------------------------------------------------------
